[debug] [2025-12-20T14:43:46.725Z] ----------------------------------------------------------------------
[debug] [2025-12-20T14:43:46.726Z] Command:       /usr/local/bin/node /usr/local/bin/firebase deploy
[debug] [2025-12-20T14:43:46.726Z] CLI Version:   14.12.0
[debug] [2025-12-20T14:43:46.726Z] Platform:      darwin
[debug] [2025-12-20T14:43:46.726Z] Node Version:  v22.16.0
[debug] [2025-12-20T14:43:46.726Z] Time:          Sat Dec 20 2025 11:43:46 GMT-0300 (Argentina Standard Time)
[debug] [2025-12-20T14:43:46.726Z] ----------------------------------------------------------------------
[debug] 
[debug] [2025-12-20T14:43:46.727Z] >>> [apiv2][query] GET https://firebase-public.firebaseio.com/cli.json [none]
[debug] [2025-12-20T14:43:46.818Z] > command requires scopes: ["email","openid","https://www.googleapis.com/auth/cloudplatformprojects.readonly","https://www.googleapis.com/auth/firebase","https://www.googleapis.com/auth/cloud-platform"]
[debug] [2025-12-20T14:43:46.818Z] > authorizing via signed-in user (mimprontadesarrollo@gmail.com)
[debug] [2025-12-20T14:43:46.818Z] [iam] checking project mimpronta-6fa99 for permissions ["cloudfunctions.functions.create","cloudfunctions.functions.delete","cloudfunctions.functions.get","cloudfunctions.functions.list","cloudfunctions.functions.update","cloudfunctions.operations.get","firebase.projects.get"]
[debug] [2025-12-20T14:43:46.818Z] Checked if tokens are valid: false, expires at: 1765847215518
[debug] [2025-12-20T14:43:46.818Z] Checked if tokens are valid: false, expires at: 1765847215518
[debug] [2025-12-20T14:43:46.818Z] > refreshing access token with scopes: []
[debug] [2025-12-20T14:43:46.819Z] >>> [apiv2][query] POST https://www.googleapis.com/oauth2/v3/token [none]
[debug] [2025-12-20T14:43:46.819Z] >>> [apiv2][body] POST https://www.googleapis.com/oauth2/v3/token [omitted]
[debug] [2025-12-20T14:43:47.048Z] <<< [apiv2][status] POST https://www.googleapis.com/oauth2/v3/token 200
[debug] [2025-12-20T14:43:47.048Z] <<< [apiv2][body] POST https://www.googleapis.com/oauth2/v3/token [omitted]
[debug] [2025-12-20T14:43:47.063Z] >>> [apiv2][query] POST https://cloudresourcemanager.googleapis.com/v1/projects/mimpronta-6fa99:testIamPermissions [none]
[debug] [2025-12-20T14:43:47.063Z] >>> [apiv2][(partial)header] POST https://cloudresourcemanager.googleapis.com/v1/projects/mimpronta-6fa99:testIamPermissions x-goog-quota-user=projects/mimpronta-6fa99
[debug] [2025-12-20T14:43:47.063Z] >>> [apiv2][body] POST https://cloudresourcemanager.googleapis.com/v1/projects/mimpronta-6fa99:testIamPermissions {"permissions":["cloudfunctions.functions.create","cloudfunctions.functions.delete","cloudfunctions.functions.get","cloudfunctions.functions.list","cloudfunctions.functions.update","cloudfunctions.operations.get","firebase.projects.get"]}
[debug] [2025-12-20T14:43:47.348Z] <<< [apiv2][status] GET https://firebase-public.firebaseio.com/cli.json 200
[debug] [2025-12-20T14:43:47.348Z] <<< [apiv2][body] GET https://firebase-public.firebaseio.com/cli.json {"cloudBuildErrorAfter":1594252800000,"cloudBuildWarnAfter":1590019200000,"defaultNode10After":1594252800000,"minVersion":"3.0.5","node8DeploysDisabledAfter":1613390400000,"node8RuntimeDisabledAfter":1615809600000,"node8WarnAfter":1600128000000}
[debug] [2025-12-20T14:43:48.052Z] <<< [apiv2][status] POST https://cloudresourcemanager.googleapis.com/v1/projects/mimpronta-6fa99:testIamPermissions 200
[debug] [2025-12-20T14:43:48.052Z] <<< [apiv2][body] POST https://cloudresourcemanager.googleapis.com/v1/projects/mimpronta-6fa99:testIamPermissions {"permissions":["cloudfunctions.functions.create","cloudfunctions.functions.delete","cloudfunctions.functions.get","cloudfunctions.functions.list","cloudfunctions.functions.update","cloudfunctions.operations.get","firebase.projects.get"]}
[debug] [2025-12-20T14:43:48.053Z] Checked if tokens are valid: true, expires at: 1766245426048
[debug] [2025-12-20T14:43:48.053Z] Checked if tokens are valid: true, expires at: 1766245426048
[debug] [2025-12-20T14:43:48.053Z] >>> [apiv2][query] POST https://iam.googleapis.com/v1/projects/mimpronta-6fa99/serviceAccounts/mimpronta-6fa99@appspot.gserviceaccount.com:testIamPermissions [none]
[debug] [2025-12-20T14:43:48.053Z] >>> [apiv2][body] POST https://iam.googleapis.com/v1/projects/mimpronta-6fa99/serviceAccounts/mimpronta-6fa99@appspot.gserviceaccount.com:testIamPermissions {"permissions":["iam.serviceAccounts.actAs"]}
[debug] [2025-12-20T14:43:49.137Z] <<< [apiv2][status] POST https://iam.googleapis.com/v1/projects/mimpronta-6fa99/serviceAccounts/mimpronta-6fa99@appspot.gserviceaccount.com:testIamPermissions 200
[debug] [2025-12-20T14:43:49.138Z] <<< [apiv2][body] POST https://iam.googleapis.com/v1/projects/mimpronta-6fa99/serviceAccounts/mimpronta-6fa99@appspot.gserviceaccount.com:testIamPermissions {"permissions":["iam.serviceAccounts.actAs"]}
[info] 
[info] === Deploying to 'mimpronta-6fa99'...
[info] 
[info] i  deploying functions 
[debug] [2025-12-20T14:43:49.139Z] Checked if tokens are valid: true, expires at: 1766245426048
[debug] [2025-12-20T14:43:49.139Z] Checked if tokens are valid: true, expires at: 1766245426048
[debug] [2025-12-20T14:43:49.139Z] >>> [apiv2][query] GET https://cloudresourcemanager.googleapis.com/v1/projects/mimpronta-6fa99 [none]
[debug] [2025-12-20T14:43:49.386Z] <<< [apiv2][status] GET https://cloudresourcemanager.googleapis.com/v1/projects/mimpronta-6fa99 200
[debug] [2025-12-20T14:43:49.386Z] <<< [apiv2][body] GET https://cloudresourcemanager.googleapis.com/v1/projects/mimpronta-6fa99 {"projectNumber":"602343403833","projectId":"mimpronta-6fa99","lifecycleState":"ACTIVE","name":"mimpronta","labels":{"firebase":"enabled"},"createTime":"2023-11-24T12:30:05.416912Z"}
[info] i  functions: preparing codebase default for deployment 
[info] i  functions: ensuring required API cloudfunctions.googleapis.com is enabled... 
[info] i  functions: ensuring required API cloudbuild.googleapis.com is enabled... 
[info] i  artifactregistry: ensuring required API artifactregistry.googleapis.com is enabled... 
[debug] [2025-12-20T14:43:49.388Z] Checked if tokens are valid: true, expires at: 1766245426048
[debug] [2025-12-20T14:43:49.388Z] Checked if tokens are valid: true, expires at: 1766245426048
[debug] [2025-12-20T14:43:49.388Z] >>> [apiv2][query] GET https://firebase.googleapis.com/v1beta1/projects/mimpronta-6fa99/adminSdkConfig [none]
[debug] [2025-12-20T14:43:50.643Z] <<< [apiv2][status] GET https://firebase.googleapis.com/v1beta1/projects/mimpronta-6fa99/adminSdkConfig 200
[debug] [2025-12-20T14:43:50.643Z] <<< [apiv2][body] GET https://firebase.googleapis.com/v1beta1/projects/mimpronta-6fa99/adminSdkConfig {"projectId":"mimpronta-6fa99","storageBucket":"mimpronta-6fa99.appspot.com","locationId":"southamerica-east1"}
[debug] [2025-12-20T14:43:50.644Z] Checked if tokens are valid: true, expires at: 1766245426048
[debug] [2025-12-20T14:43:50.644Z] Checked if tokens are valid: true, expires at: 1766245426048
[debug] [2025-12-20T14:43:50.644Z] >>> [apiv2][query] GET https://runtimeconfig.googleapis.com/v1beta1/projects/mimpronta-6fa99/configs [none]
[debug] [2025-12-20T14:43:51.872Z] <<< [apiv2][status] GET https://runtimeconfig.googleapis.com/v1beta1/projects/mimpronta-6fa99/configs 200
[debug] [2025-12-20T14:43:51.873Z] <<< [apiv2][body] GET https://runtimeconfig.googleapis.com/v1beta1/projects/mimpronta-6fa99/configs {}
[debug] [2025-12-20T14:43:51.875Z] Validating nodejs source
[warn] ⚠  functions: package.json indicates an outdated version of firebase-functions. Please upgrade using npm install --save firebase-functions@latest in your functions directory. 
[warn] ⚠  functions: Please note that there will be breaking changes when you upgrade. 
[debug] [2025-12-20T14:43:52.406Z] > [functions] package.json contents: {
  "name": "mimpronta",
  "version": "1.0.0",
  "description": "rest server mimpronta",
  "main": "app.js",
  "scripts": {
    "test": "echo \"Error: no test specified\" && exit 1",
    "dev": "nodemon app.js",
    "deploy": "firebase deploy"
  },
  "author": "",
  "license": "ISC",
  "dependencies": {
    "bcryptjs": "^2.4.3",
    "cors": "^2.8.5",
    "dotenv": "^16.3.1",
    "express": "^4.18.2",
    "express-async-errors": "^3.1.1",
    "express-fileupload": "^1.4.0",
    "express-rate-limit": "^7.1.4",
    "express-validator": "^7.0.1",
    "firebase": "^9.23.0",
    "firebase-admin": "^11.11.1",
    "firebase-functions": "^4.5.0",
    "handlebars": "^4.7.7",
    "jsonwebtoken": "^9.0.0",
    "mongoose": "^7.3.1",
    "uuid": "^9.0.0"
  },
  "devDependencies": {
    "nodemon": "^2.0.22"
  }
}
[debug] [2025-12-20T14:43:52.406Z] Building nodejs source
[info] i  functions: Loading and analyzing source code for codebase default to determine what to deploy 
[info] i  functions: You are using a version of firebase-functions SDK (4.5.0) that does not have support for the newest Firebase Extensions features. Please update firebase-functions SDK to >=5.1.0 to use them correctly 
[debug] [2025-12-20T14:43:52.407Z] Could not find functions.yaml. Must use http discovery
[debug] [2025-12-20T14:43:52.412Z] Found firebase-functions binary at '/Users/renato/Desktop/laburos/mimpronta/mimpronta/server/node_modules/.bin/firebase-functions'
[info] Serving at port 8084

[info] Servidor corriendo

[debug] [2025-12-20T14:43:52.802Z] Got response from /__/functions.yaml {"endpoints":{"app":{"availableMemoryMb":null,"timeoutSeconds":null,"minInstances":null,"maxInstances":null,"ingressSettings":null,"concurrency":null,"serviceAccountEmail":null,"vpc":null,"platform":"gcfv2","labels":{},"httpsTrigger":{},"entryPoint":"app"}},"specVersion":"v1alpha1","requiredAPIs":[]}
[info] Base de datos online

[info] i  functions: Loaded environment variables from .env. 
[info] i  functions: preparing . directory for uploading... 
[info] i  functions: packaged /Users/renato/Desktop/laburos/mimpronta/mimpronta/server (61.24 KB) for uploading 
[debug] [2025-12-20T14:44:02.860Z] Checked if tokens are valid: true, expires at: 1766245426048
[debug] [2025-12-20T14:44:02.860Z] Checked if tokens are valid: true, expires at: 1766245426048
[debug] [2025-12-20T14:44:02.860Z] >>> [apiv2][query] GET https://cloudfunctions.googleapis.com/v1/projects/mimpronta-6fa99/locations/-/functions [none]
[debug] [2025-12-20T14:44:04.033Z] <<< [apiv2][status] GET https://cloudfunctions.googleapis.com/v1/projects/mimpronta-6fa99/locations/-/functions 200
[debug] [2025-12-20T14:44:04.033Z] <<< [apiv2][body] GET https://cloudfunctions.googleapis.com/v1/projects/mimpronta-6fa99/locations/-/functions {}
[debug] [2025-12-20T14:44:04.033Z] Checked if tokens are valid: true, expires at: 1766245426048
[debug] [2025-12-20T14:44:04.033Z] Checked if tokens are valid: true, expires at: 1766245426048
[debug] [2025-12-20T14:44:04.034Z] >>> [apiv2][query] GET https://cloudfunctions.googleapis.com/v2/projects/mimpronta-6fa99/locations/-/functions filter=environment%3D%22GEN_2%22
[debug] [2025-12-20T14:44:05.490Z] <<< [apiv2][status] GET https://cloudfunctions.googleapis.com/v2/projects/mimpronta-6fa99/locations/-/functions 200
[debug] [2025-12-20T14:44:05.490Z] <<< [apiv2][body] GET https://cloudfunctions.googleapis.com/v2/projects/mimpronta-6fa99/locations/-/functions {"functions":[{"name":"projects/mimpronta-6fa99/locations/us-central1/functions/app","buildConfig":{"build":"projects/602343403833/locations/us-central1/builds/49f3af6a-aaef-41c9-8b11-469e976c354f","runtime":"nodejs20","entryPoint":"app","source":{"storageSource":{"bucket":"gcf-v2-sources-602343403833-us-central1","object":"app/function-source.zip","generation":"1765844383055103"}},"environmentVariables":{"GOOGLE_NODE_RUN_SCRIPTS":""},"dockerRepository":"projects/mimpronta-6fa99/locations/us-central1/repositories/gcf-artifacts","sourceProvenance":{"resolvedStorageSource":{"bucket":"gcf-v2-sources-602343403833-us-central1","object":"app/function-source.zip","generation":"1765844383055103"}},"dockerRegistry":"ARTIFACT_REGISTRY","automaticUpdatePolicy":{}},"serviceConfig":{"service":"projects/mimpronta-6fa99/locations/us-central1/services/app","timeoutSeconds":60,"environmentVariables":{"PUERTO":"3001","MONGODB_ATLAS":"mongodb+srv://mimprontadesarrollo:mimprontablog151123@mimpronta.an5pekr.mongodb.net/?retryWrites=true&w=majority","SECRETORPRIVATEKEY":"hiopergq3v13hip","PASSWORDADMIN":"mimprontablog151123","FIREBAS_API_KEY":"AIzaSyDMgUoL8OZ5rAsne69F7vNbN5iON79f5cA","FIREBAS_DOMAIN":"mimpronta-6fa99.firebaseapp.com","FIREBAS_PROJECTID":"mimpronta-6fa99","FIREBAS_BUCKET":"mimpronta-6fa99.appspot.com","FIREBAS_MSGID":"602343403833","FIREBAS_APPID":"1:602343403833:web:3d49e31cb51b004f06f8e8","FIREBAS_MEASID":"G-09CT8WQPPH","FIREBASE_CONFIG":"{\"projectId\":\"mimpronta-6fa99\",\"storageBucket\":\"mimpronta-6fa99.appspot.com\",\"locationId\":\"southamerica-east1\"}","GCLOUD_PROJECT":"mimpronta-6fa99","EVENTARC_CLOUD_EVENT_SOURCE":"projects/mimpronta-6fa99/locations/us-central1/services/app","FUNCTION_TARGET":"app","LOG_EXECUTION_ID":"true"},"maxInstanceCount":20,"ingressSettings":"ALLOW_ALL","uri":"https://app-cfbvn6teoq-uc.a.run.app","serviceAccountEmail":"602343403833-compute@developer.gserviceaccount.com","availableMemory":"256Mi","allTrafficOnLatestRevision":true,"revision":"app-00001-cuh","maxInstanceRequestConcurrency":80,"availableCpu":"1"},"state":"ACTIVE","updateTime":"2025-12-16T00:21:29.728579183Z","labels":{"deployment-tool":"cli-firebase","firebase-functions-hash":"61e35e386e7a59f9dc8cd8ee359aa66af6faefa0"},"environment":"GEN_2","url":"https://us-central1-mimpronta-6fa99.cloudfunctions.net/app","createTime":"2025-12-16T00:19:43.291540927Z","satisfiesPzi":true}]}
[info] i  functions: ensuring required API run.googleapis.com is enabled... 
[info] i  functions: ensuring required API eventarc.googleapis.com is enabled... 
[info] i  functions: ensuring required API pubsub.googleapis.com is enabled... 
[info] i  functions: ensuring required API storage.googleapis.com is enabled... 
[info] i  functions: generating the service identity for pubsub.googleapis.com... 
[debug] [2025-12-20T14:44:05.494Z] Checked if tokens are valid: true, expires at: 1766245426048
[debug] [2025-12-20T14:44:05.494Z] Checked if tokens are valid: true, expires at: 1766245426048
[info] i  functions: generating the service identity for eventarc.googleapis.com... 
[debug] [2025-12-20T14:44:05.494Z] Checked if tokens are valid: true, expires at: 1766245426048
[debug] [2025-12-20T14:44:05.494Z] Checked if tokens are valid: true, expires at: 1766245426048
[debug] [2025-12-20T14:44:05.494Z] >>> [apiv2][query] POST https://serviceusage.googleapis.com/v1beta1/projects/602343403833/services/pubsub.googleapis.com:generateServiceIdentity [none]
[debug] [2025-12-20T14:44:05.494Z] >>> [apiv2][(partial)header] POST https://serviceusage.googleapis.com/v1beta1/projects/602343403833/services/pubsub.googleapis.com:generateServiceIdentity x-goog-quota-user=projects/602343403833
[debug] [2025-12-20T14:44:05.494Z] >>> [apiv2][body] POST https://serviceusage.googleapis.com/v1beta1/projects/602343403833/services/pubsub.googleapis.com:generateServiceIdentity {}
[debug] [2025-12-20T14:44:05.495Z] >>> [apiv2][query] POST https://serviceusage.googleapis.com/v1beta1/projects/602343403833/services/eventarc.googleapis.com:generateServiceIdentity [none]
[debug] [2025-12-20T14:44:05.495Z] >>> [apiv2][(partial)header] POST https://serviceusage.googleapis.com/v1beta1/projects/602343403833/services/eventarc.googleapis.com:generateServiceIdentity x-goog-quota-user=projects/602343403833
[debug] [2025-12-20T14:44:05.495Z] >>> [apiv2][body] POST https://serviceusage.googleapis.com/v1beta1/projects/602343403833/services/eventarc.googleapis.com:generateServiceIdentity {}
[debug] [2025-12-20T14:44:06.830Z] <<< [apiv2][status] POST https://serviceusage.googleapis.com/v1beta1/projects/602343403833/services/pubsub.googleapis.com:generateServiceIdentity 200
[debug] [2025-12-20T14:44:06.830Z] <<< [apiv2][body] POST https://serviceusage.googleapis.com/v1beta1/projects/602343403833/services/pubsub.googleapis.com:generateServiceIdentity {"name":"operations/finished.DONE_OPERATION","done":true,"response":{"@type":"type.googleapis.com/google.api.serviceusage.v1beta1.ServiceIdentity","email":"service-602343403833@gcp-sa-pubsub.iam.gserviceaccount.com","uniqueId":"117866427590094121362"}}
[debug] [2025-12-20T14:44:06.865Z] <<< [apiv2][status] POST https://serviceusage.googleapis.com/v1beta1/projects/602343403833/services/eventarc.googleapis.com:generateServiceIdentity 200
[debug] [2025-12-20T14:44:06.865Z] <<< [apiv2][body] POST https://serviceusage.googleapis.com/v1beta1/projects/602343403833/services/eventarc.googleapis.com:generateServiceIdentity {"name":"operations/finished.DONE_OPERATION","done":true,"response":{"@type":"type.googleapis.com/google.api.serviceusage.v1beta1.ServiceIdentity","email":"service-602343403833@gcp-sa-eventarc.iam.gserviceaccount.com","uniqueId":"117314440184727352203"}}
[debug] [2025-12-20T14:44:06.869Z] Checked if tokens are valid: true, expires at: 1766245426048
[debug] [2025-12-20T14:44:06.869Z] Checked if tokens are valid: true, expires at: 1766245426048
[debug] [2025-12-20T14:44:06.869Z] >>> [apiv2][query] GET https://cloudresourcemanager.googleapis.com/v1/projects/mimpronta-6fa99 [none]
[debug] [2025-12-20T14:44:07.795Z] <<< [apiv2][status] GET https://cloudresourcemanager.googleapis.com/v1/projects/mimpronta-6fa99 200
[debug] [2025-12-20T14:44:07.795Z] <<< [apiv2][body] GET https://cloudresourcemanager.googleapis.com/v1/projects/mimpronta-6fa99 {"projectNumber":"602343403833","projectId":"mimpronta-6fa99","lifecycleState":"ACTIVE","name":"mimpronta","labels":{"firebase":"enabled"},"createTime":"2023-11-24T12:30:05.416912Z"}
[debug] [2025-12-20T14:44:07.795Z] Checked if tokens are valid: true, expires at: 1766245426048
[debug] [2025-12-20T14:44:07.795Z] Checked if tokens are valid: true, expires at: 1766245426048
[debug] [2025-12-20T14:44:07.795Z] >>> [apiv2][query] GET https://compute.googleapis.com/compute/v1/projects/602343403833 [none]
[debug] [2025-12-20T14:44:08.311Z] <<< [apiv2][status] GET https://compute.googleapis.com/compute/v1/projects/602343403833 403
[debug] [2025-12-20T14:44:08.311Z] <<< [apiv2][body] GET https://compute.googleapis.com/compute/v1/projects/602343403833 {"error":{"code":403,"message":"Compute Engine API has not been used in project 602343403833 before or it is disabled. Enable it by visiting https://console.developers.google.com/apis/api/compute.googleapis.com/overview?project=602343403833 then retry. If you enabled this API recently, wait a few minutes for the action to propagate to our systems and retry.","errors":[{"message":"Compute Engine API has not been used in project 602343403833 before or it is disabled. Enable it by visiting https://console.developers.google.com/apis/api/compute.googleapis.com/overview?project=602343403833 then retry. If you enabled this API recently, wait a few minutes for the action to propagate to our systems and retry.","domain":"usageLimits","reason":"accessNotConfigured","extendedHelp":"https://console.developers.google.com"}],"status":"PERMISSION_DENIED","details":[{"@type":"type.googleapis.com/google.rpc.ErrorInfo","reason":"SERVICE_DISABLED","domain":"googleapis.com","metadata":{"serviceTitle":"Compute Engine API","containerInfo":"602343403833","consumer":"projects/602343403833","service":"compute.googleapis.com","activationUrl":"https://console.developers.google.com/apis/api/compute.googleapis.com/overview?project=602343403833"}},{"@type":"type.googleapis.com/google.rpc.LocalizedMessage","locale":"en-US","message":"Compute Engine API has not been used in project 602343403833 before or it is disabled. Enable it by visiting https://console.developers.google.com/apis/api/compute.googleapis.com/overview?project=602343403833 then retry. If you enabled this API recently, wait a few minutes for the action to propagate to our systems and retry."},{"@type":"type.googleapis.com/google.rpc.Help","links":[{"description":"Google developers console API activation","url":"https://console.developers.google.com/apis/api/compute.googleapis.com/overview?project=602343403833"}]}]}}
[debug] [2025-12-20T14:44:08.312Z] unable to look up default compute service account. Falling back to 602343403833-compute@developer.gserviceaccount.com. Error: {"name":"FirebaseError","children":[],"context":{"body":{"error":{"code":403,"message":"Compute Engine API has not been used in project 602343403833 before or it is disabled. Enable it by visiting https://console.developers.google.com/apis/api/compute.googleapis.com/overview?project=602343403833 then retry. If you enabled this API recently, wait a few minutes for the action to propagate to our systems and retry.","errors":[{"message":"Compute Engine API has not been used in project 602343403833 before or it is disabled. Enable it by visiting https://console.developers.google.com/apis/api/compute.googleapis.com/overview?project=602343403833 then retry. If you enabled this API recently, wait a few minutes for the action to propagate to our systems and retry.","domain":"usageLimits","reason":"accessNotConfigured","extendedHelp":"https://console.developers.google.com"}],"status":"PERMISSION_DENIED","details":[{"@type":"type.googleapis.com/google.rpc.ErrorInfo","reason":"SERVICE_DISABLED","domain":"googleapis.com","metadata":{"serviceTitle":"Compute Engine API","containerInfo":"602343403833","consumer":"projects/602343403833","service":"compute.googleapis.com","activationUrl":"https://console.developers.google.com/apis/api/compute.googleapis.com/overview?project=602343403833"}},{"@type":"type.googleapis.com/google.rpc.LocalizedMessage","locale":"en-US","message":"Compute Engine API has not been used in project 602343403833 before or it is disabled. Enable it by visiting https://console.developers.google.com/apis/api/compute.googleapis.com/overview?project=602343403833 then retry. If you enabled this API recently, wait a few minutes for the action to propagate to our systems and retry."},{"@type":"type.googleapis.com/google.rpc.Help","links":[{"description":"Google developers console API activation","url":"https://console.developers.google.com/apis/api/compute.googleapis.com/overview?project=602343403833"}]}]}},"response":{"statusCode":403}},"exit":1,"message":"Request to https://compute.googleapis.com/compute/v1/projects/602343403833 had HTTP Error: 403, Compute Engine API has not been used in project 602343403833 before or it is disabled. Enable it by visiting https://console.developers.google.com/apis/api/compute.googleapis.com/overview?project=602343403833 then retry. If you enabled this API recently, wait a few minutes for the action to propagate to our systems and retry.","status":403}
[debug] [2025-12-20T14:44:08.314Z] Checked if tokens are valid: true, expires at: 1766245426048
[debug] [2025-12-20T14:44:08.314Z] Checked if tokens are valid: true, expires at: 1766245426048
[debug] [2025-12-20T14:44:08.314Z] >>> [apiv2][query] POST https://cloudfunctions.googleapis.com/v2/projects/mimpronta-6fa99/locations/us-central1/functions:generateUploadUrl [none]
[debug] [2025-12-20T14:44:09.415Z] <<< [apiv2][status] POST https://cloudfunctions.googleapis.com/v2/projects/mimpronta-6fa99/locations/us-central1/functions:generateUploadUrl 200
[debug] [2025-12-20T14:44:09.415Z] <<< [apiv2][body] POST https://cloudfunctions.googleapis.com/v2/projects/mimpronta-6fa99/locations/us-central1/functions:generateUploadUrl {"uploadUrl":"https://storage.googleapis.com/gcf-v2-uploads-602343403833.us-central1.cloudfunctions.appspot.com/f68def04-536f-42ab-b0d4-a1871702f337.zip?GoogleAccessId=service-602343403833@gcf-admin-robot.iam.gserviceaccount.com&Expires=1766243649&Signature=WKxmCHmuBypK4uGWrBa0YcfVJB89BNvHtxSXljxby37AGEFwesZJSt5WFMuH9DxvOLHuyzvYUtAPsHxxupIoMxfwsjxBo%2FfXno5TbNatMh0kHyeL4D52XZCocqr8pOs6LylaZAnbuvREMQfBfMbJmSUVjfp12nGww55rkTTlcXP1XIYOFgBcOpIrJoroEaMN6iSxuKgTPnbzHyF%2F3Xat2BLE1m%2FkXd0ZjfIU%2FkJfdTtY0xZNKf8A1UEZNwuVqT2zAOcBqOsZCOhQBjSuaD94kmxLgdKEfWF4MiJremw3KQ8VmXnGQ5%2F2WpgQxV%2Bc4TZ6UHBcR2y%2BakcOoJ6k1E6riQ%3D%3D","storageSource":{"bucket":"gcf-v2-uploads-602343403833.us-central1.cloudfunctions.appspot.com","object":"f68def04-536f-42ab-b0d4-a1871702f337.zip"}}
[debug] [2025-12-20T14:44:09.416Z] >>> [apiv2][query] PUT https://storage.googleapis.com/gcf-v2-uploads-602343403833.us-central1.cloudfunctions.appspot.com/f68def04-536f-42ab-b0d4-a1871702f337.zip GoogleAccessId=service-602343403833%40gcf-admin-robot.iam.gserviceaccount.com&Expires=1766243649&Signature=WKxmCHmuBypK4uGWrBa0YcfVJB89BNvHtxSXljxby37AGEFwesZJSt5WFMuH9DxvOLHuyzvYUtAPsHxxupIoMxfwsjxBo%2FfXno5TbNatMh0kHyeL4D52XZCocqr8pOs6LylaZAnbuvREMQfBfMbJmSUVjfp12nGww55rkTTlcXP1XIYOFgBcOpIrJoroEaMN6iSxuKgTPnbzHyF%2F3Xat2BLE1m%2FkXd0ZjfIU%2FkJfdTtY0xZNKf8A1UEZNwuVqT2zAOcBqOsZCOhQBjSuaD94kmxLgdKEfWF4MiJremw3KQ8VmXnGQ5%2F2WpgQxV%2Bc4TZ6UHBcR2y%2BakcOoJ6k1E6riQ%3D%3D
[debug] [2025-12-20T14:44:09.416Z] >>> [apiv2][body] PUT https://storage.googleapis.com/gcf-v2-uploads-602343403833.us-central1.cloudfunctions.appspot.com/f68def04-536f-42ab-b0d4-a1871702f337.zip [stream]
[debug] [2025-12-20T14:44:10.939Z] <<< [apiv2][status] PUT https://storage.googleapis.com/gcf-v2-uploads-602343403833.us-central1.cloudfunctions.appspot.com/f68def04-536f-42ab-b0d4-a1871702f337.zip 200
[debug] [2025-12-20T14:44:10.939Z] <<< [apiv2][body] PUT https://storage.googleapis.com/gcf-v2-uploads-602343403833.us-central1.cloudfunctions.appspot.com/f68def04-536f-42ab-b0d4-a1871702f337.zip [omitted]
[info] ✔  functions: . folder uploaded successfully 
[info] i  functions: updating Node.js 20 (2nd Gen) function app(us-central1)... 
[debug] [2025-12-20T14:44:10.945Z] Checked if tokens are valid: true, expires at: 1766245426048
[debug] [2025-12-20T14:44:10.945Z] Checked if tokens are valid: true, expires at: 1766245426048
[debug] [2025-12-20T14:44:10.946Z] >>> [apiv2][query] PATCH https://cloudfunctions.googleapis.com/v2/projects/mimpronta-6fa99/locations/us-central1/functions/app updateMask=name%2CbuildConfig.runtime%2CbuildConfig.entryPoint%2CbuildConfig.source.storageSource.bucket%2CbuildConfig.source.storageSource.object%2CbuildConfig.environmentVariables%2CbuildConfig.sourceToken%2CserviceConfig.environmentVariables%2CserviceConfig.ingressSettings%2CserviceConfig.timeoutSeconds%2CserviceConfig.serviceAccountEmail%2CserviceConfig.availableMemory%2CserviceConfig.minInstanceCount%2CserviceConfig.maxInstanceCount%2CserviceConfig.maxInstanceRequestConcurrency%2CserviceConfig.availableCpu%2CserviceConfig.vpcConnector%2CserviceConfig.vpcConnectorEgressSettings%2Clabels
[debug] [2025-12-20T14:44:10.946Z] >>> [apiv2][body] PATCH https://cloudfunctions.googleapis.com/v2/projects/mimpronta-6fa99/locations/us-central1/functions/app {"name":"projects/mimpronta-6fa99/locations/us-central1/functions/app","buildConfig":{"runtime":"nodejs20","entryPoint":"app","source":{"storageSource":{"bucket":"gcf-v2-uploads-602343403833.us-central1.cloudfunctions.appspot.com","object":"f68def04-536f-42ab-b0d4-a1871702f337.zip"}},"environmentVariables":{"GOOGLE_NODE_RUN_SCRIPTS":""}},"serviceConfig":{"environmentVariables":{"PUERTO":"3001","MONGODB_ATLAS":"mongodb+srv://mimprontadesarrollo:mimprontablog151123@mimpronta.an5pekr.mongodb.net/?retryWrites=true&w=majority","SECRETORPRIVATEKEY":"hiopergq3v13hip","PASSWORDADMIN":"mimprontablog151123","FIREBAS_API_KEY":"AIzaSyDMgUoL8OZ5rAsne69F7vNbN5iON79f5cA","FIREBAS_DOMAIN":"mimpronta-6fa99.firebaseapp.com","FIREBAS_PROJECTID":"mimpronta-6fa99","FIREBAS_BUCKET":"mimpronta-6fa99.appspot.com","FIREBAS_MSGID":"602343403833","FIREBAS_APPID":"1:602343403833:web:3d49e31cb51b004f06f8e8","FIREBAS_MEASID":"G-09CT8WQPPH","FIREBASE_CONFIG":"{\"projectId\":\"mimpronta-6fa99\",\"storageBucket\":\"mimpronta-6fa99.appspot.com\",\"locationId\":\"southamerica-east1\"}","GCLOUD_PROJECT":"mimpronta-6fa99","EVENTARC_CLOUD_EVENT_SOURCE":"projects/mimpronta-6fa99/locations/us-central1/services/app","FUNCTION_TARGET":"app","LOG_EXECUTION_ID":"true"},"ingressSettings":null,"timeoutSeconds":null,"serviceAccountEmail":null,"availableMemory":"256Mi","minInstanceCount":null,"maxInstanceCount":null,"maxInstanceRequestConcurrency":80,"availableCpu":"1","vpcConnector":null,"vpcConnectorEgressSettings":null},"labels":{"deployment-tool":"cli-firebase","firebase-functions-hash":"e57d19cb87bff64313fdfc65cff68abf5f96d004"}}
[debug] [2025-12-20T14:44:13.017Z] <<< [apiv2][status] PATCH https://cloudfunctions.googleapis.com/v2/projects/mimpronta-6fa99/locations/us-central1/functions/app 200
[debug] [2025-12-20T14:44:13.017Z] <<< [apiv2][body] PATCH https://cloudfunctions.googleapis.com/v2/projects/mimpronta-6fa99/locations/us-central1/functions/app {"name":"projects/mimpronta-6fa99/locations/us-central1/operations/operation-1766241851904-646633a2b938f-e8d1f49d-7e2aea7d","metadata":{"@type":"type.googleapis.com/google.cloud.functions.v2.OperationMetadata","createTime":"2025-12-20T14:44:12.950013498Z","target":"projects/mimpronta-6fa99/locations/us-central1/functions/app","verb":"update","cancelRequested":false,"apiVersion":"v2"},"done":false}
[debug] [2025-12-20T14:44:13.018Z] Checked if tokens are valid: true, expires at: 1766245426048
[debug] [2025-12-20T14:44:13.018Z] Checked if tokens are valid: true, expires at: 1766245426048
[debug] [2025-12-20T14:44:13.018Z] >>> [apiv2][query] GET https://cloudfunctions.googleapis.com/v2/projects/mimpronta-6fa99/locations/us-central1/operations/operation-1766241851904-646633a2b938f-e8d1f49d-7e2aea7d [none]
[debug] [2025-12-20T14:44:13.958Z] <<< [apiv2][status] GET https://cloudfunctions.googleapis.com/v2/projects/mimpronta-6fa99/locations/us-central1/operations/operation-1766241851904-646633a2b938f-e8d1f49d-7e2aea7d 200
[debug] [2025-12-20T14:44:13.959Z] <<< [apiv2][body] GET https://cloudfunctions.googleapis.com/v2/projects/mimpronta-6fa99/locations/us-central1/operations/operation-1766241851904-646633a2b938f-e8d1f49d-7e2aea7d {"name":"projects/mimpronta-6fa99/locations/us-central1/operations/operation-1766241851904-646633a2b938f-e8d1f49d-7e2aea7d","metadata":{"@type":"type.googleapis.com/google.cloud.functions.v2.OperationMetadata","createTime":"2025-12-20T14:44:12.950013498Z","target":"projects/mimpronta-6fa99/locations/us-central1/functions/app","verb":"update","cancelRequested":false,"apiVersion":"v2","requestResource":{"@type":"type.googleapis.com/google.cloud.functions.v2.Function","name":"projects/mimpronta-6fa99/locations/us-central1/functions/app","buildConfig":{"runtime":"nodejs20","entryPoint":"app","source":{"storageSource":{"bucket":"gcf-v2-sources-602343403833-us-central1","object":"app/function-source.zip","generation":"1766241852896531"}},"environmentVariables":{"GOOGLE_NODE_RUN_SCRIPTS":""},"dockerRepository":"projects/mimpronta-6fa99/locations/us-central1/repositories/gcf-artifacts","sourceProvenance":{"resolvedStorageSource":{"bucket":"gcf-v2-sources-602343403833-us-central1","object":"app/function-source.zip","generation":"1765844383055103"}},"dockerRegistry":"ARTIFACT_REGISTRY","automaticUpdatePolicy":{}},"serviceConfig":{"service":"projects/mimpronta-6fa99/locations/us-central1/services/app","timeoutSeconds":60,"environmentVariables":{"PUERTO":"3001","MONGODB_ATLAS":"mongodb+srv://mimprontadesarrollo:mimprontablog151123@mimpronta.an5pekr.mongodb.net/?retryWrites=true&w=majority","SECRETORPRIVATEKEY":"hiopergq3v13hip","PASSWORDADMIN":"mimprontablog151123","FIREBAS_API_KEY":"AIzaSyDMgUoL8OZ5rAsne69F7vNbN5iON79f5cA","FIREBAS_DOMAIN":"mimpronta-6fa99.firebaseapp.com","FIREBAS_PROJECTID":"mimpronta-6fa99","FIREBAS_BUCKET":"mimpronta-6fa99.appspot.com","FIREBAS_MSGID":"602343403833","FIREBAS_APPID":"1:602343403833:web:3d49e31cb51b004f06f8e8","FIREBAS_MEASID":"G-09CT8WQPPH","FIREBASE_CONFIG":"{\"projectId\":\"mimpronta-6fa99\",\"storageBucket\":\"mimpronta-6fa99.appspot.com\",\"locationId\":\"southamerica-east1\"}","GCLOUD_PROJECT":"mimpronta-6fa99","EVENTARC_CLOUD_EVENT_SOURCE":"projects/mimpronta-6fa99/locations/us-central1/services/app","FUNCTION_TARGET":"app","LOG_EXECUTION_ID":"true"},"ingressSettings":"ALLOW_ALL","uri":"https://app-cfbvn6teoq-uc.a.run.app","serviceAccountEmail":"602343403833-compute@developer.gserviceaccount.com","availableMemory":"256Mi","allTrafficOnLatestRevision":true,"revision":"app-00001-cuh","maxInstanceRequestConcurrency":80,"availableCpu":"1"},"state":"ACTIVE","labels":{"deployment-tool":"cli-firebase","firebase-functions-hash":"e57d19cb87bff64313fdfc65cff68abf5f96d004"},"environment":"GEN_2","url":"https://us-central1-mimpronta-6fa99.cloudfunctions.net/app","satisfiesPzi":true},"stages":[{"name":"BUILD","message":"Build in progress","state":"IN_PROGRESS","resource":"projects/602343403833/locations/us-central1/builds/5e70fc0a-298d-4996-82fa-3702ae8de021","resourceUri":"https://console.cloud.google.com/cloud-build/builds;region=us-central1/5e70fc0a-298d-4996-82fa-3702ae8de021?project=602343403833"},{"name":"SERVICE","state":"NOT_STARTED"}],"operationType":"UPDATE_FUNCTION","buildName":"projects/602343403833/locations/us-central1/builds/5e70fc0a-298d-4996-82fa-3702ae8de021"},"done":false}
[debug] [2025-12-20T14:44:14.460Z] [update-default-us-central1-app] Retrying task index 0
[debug] [2025-12-20T14:44:14.460Z] Checked if tokens are valid: true, expires at: 1766245426048
[debug] [2025-12-20T14:44:14.460Z] Checked if tokens are valid: true, expires at: 1766245426048
[debug] [2025-12-20T14:44:14.461Z] >>> [apiv2][query] GET https://cloudfunctions.googleapis.com/v2/projects/mimpronta-6fa99/locations/us-central1/operations/operation-1766241851904-646633a2b938f-e8d1f49d-7e2aea7d [none]
[debug] [2025-12-20T14:44:15.451Z] <<< [apiv2][status] GET https://cloudfunctions.googleapis.com/v2/projects/mimpronta-6fa99/locations/us-central1/operations/operation-1766241851904-646633a2b938f-e8d1f49d-7e2aea7d 200
[debug] [2025-12-20T14:44:15.452Z] <<< [apiv2][body] GET https://cloudfunctions.googleapis.com/v2/projects/mimpronta-6fa99/locations/us-central1/operations/operation-1766241851904-646633a2b938f-e8d1f49d-7e2aea7d {"name":"projects/mimpronta-6fa99/locations/us-central1/operations/operation-1766241851904-646633a2b938f-e8d1f49d-7e2aea7d","metadata":{"@type":"type.googleapis.com/google.cloud.functions.v2.OperationMetadata","createTime":"2025-12-20T14:44:12.950013498Z","target":"projects/mimpronta-6fa99/locations/us-central1/functions/app","verb":"update","cancelRequested":false,"apiVersion":"v2","requestResource":{"@type":"type.googleapis.com/google.cloud.functions.v2.Function","name":"projects/mimpronta-6fa99/locations/us-central1/functions/app","buildConfig":{"runtime":"nodejs20","entryPoint":"app","source":{"storageSource":{"bucket":"gcf-v2-sources-602343403833-us-central1","object":"app/function-source.zip","generation":"1766241852896531"}},"environmentVariables":{"GOOGLE_NODE_RUN_SCRIPTS":""},"dockerRepository":"projects/mimpronta-6fa99/locations/us-central1/repositories/gcf-artifacts","sourceProvenance":{"resolvedStorageSource":{"bucket":"gcf-v2-sources-602343403833-us-central1","object":"app/function-source.zip","generation":"1765844383055103"}},"dockerRegistry":"ARTIFACT_REGISTRY","automaticUpdatePolicy":{}},"serviceConfig":{"service":"projects/mimpronta-6fa99/locations/us-central1/services/app","timeoutSeconds":60,"environmentVariables":{"PUERTO":"3001","MONGODB_ATLAS":"mongodb+srv://mimprontadesarrollo:mimprontablog151123@mimpronta.an5pekr.mongodb.net/?retryWrites=true&w=majority","SECRETORPRIVATEKEY":"hiopergq3v13hip","PASSWORDADMIN":"mimprontablog151123","FIREBAS_API_KEY":"AIzaSyDMgUoL8OZ5rAsne69F7vNbN5iON79f5cA","FIREBAS_DOMAIN":"mimpronta-6fa99.firebaseapp.com","FIREBAS_PROJECTID":"mimpronta-6fa99","FIREBAS_BUCKET":"mimpronta-6fa99.appspot.com","FIREBAS_MSGID":"602343403833","FIREBAS_APPID":"1:602343403833:web:3d49e31cb51b004f06f8e8","FIREBAS_MEASID":"G-09CT8WQPPH","FIREBASE_CONFIG":"{\"projectId\":\"mimpronta-6fa99\",\"storageBucket\":\"mimpronta-6fa99.appspot.com\",\"locationId\":\"southamerica-east1\"}","GCLOUD_PROJECT":"mimpronta-6fa99","EVENTARC_CLOUD_EVENT_SOURCE":"projects/mimpronta-6fa99/locations/us-central1/services/app","FUNCTION_TARGET":"app","LOG_EXECUTION_ID":"true"},"ingressSettings":"ALLOW_ALL","uri":"https://app-cfbvn6teoq-uc.a.run.app","serviceAccountEmail":"602343403833-compute@developer.gserviceaccount.com","availableMemory":"256Mi","allTrafficOnLatestRevision":true,"revision":"app-00001-cuh","maxInstanceRequestConcurrency":80,"availableCpu":"1"},"state":"ACTIVE","labels":{"deployment-tool":"cli-firebase","firebase-functions-hash":"e57d19cb87bff64313fdfc65cff68abf5f96d004"},"environment":"GEN_2","url":"https://us-central1-mimpronta-6fa99.cloudfunctions.net/app","satisfiesPzi":true},"stages":[{"name":"BUILD","message":"Build in progress","state":"IN_PROGRESS","resource":"projects/602343403833/locations/us-central1/builds/5e70fc0a-298d-4996-82fa-3702ae8de021","resourceUri":"https://console.cloud.google.com/cloud-build/builds;region=us-central1/5e70fc0a-298d-4996-82fa-3702ae8de021?project=602343403833"},{"name":"SERVICE","state":"NOT_STARTED"}],"operationType":"UPDATE_FUNCTION","buildName":"projects/602343403833/locations/us-central1/builds/5e70fc0a-298d-4996-82fa-3702ae8de021"},"done":false}
[debug] [2025-12-20T14:44:16.452Z] [update-default-us-central1-app] Retrying task index 0
[debug] [2025-12-20T14:44:16.453Z] Checked if tokens are valid: true, expires at: 1766245426048
[debug] [2025-12-20T14:44:16.454Z] Checked if tokens are valid: true, expires at: 1766245426048
[debug] [2025-12-20T14:44:16.454Z] >>> [apiv2][query] GET https://cloudfunctions.googleapis.com/v2/projects/mimpronta-6fa99/locations/us-central1/operations/operation-1766241851904-646633a2b938f-e8d1f49d-7e2aea7d [none]
[debug] [2025-12-20T14:44:17.386Z] <<< [apiv2][status] GET https://cloudfunctions.googleapis.com/v2/projects/mimpronta-6fa99/locations/us-central1/operations/operation-1766241851904-646633a2b938f-e8d1f49d-7e2aea7d 200
[debug] [2025-12-20T14:44:17.386Z] <<< [apiv2][body] GET https://cloudfunctions.googleapis.com/v2/projects/mimpronta-6fa99/locations/us-central1/operations/operation-1766241851904-646633a2b938f-e8d1f49d-7e2aea7d {"name":"projects/mimpronta-6fa99/locations/us-central1/operations/operation-1766241851904-646633a2b938f-e8d1f49d-7e2aea7d","metadata":{"@type":"type.googleapis.com/google.cloud.functions.v2.OperationMetadata","createTime":"2025-12-20T14:44:12.950013498Z","target":"projects/mimpronta-6fa99/locations/us-central1/functions/app","verb":"update","cancelRequested":false,"apiVersion":"v2","requestResource":{"@type":"type.googleapis.com/google.cloud.functions.v2.Function","name":"projects/mimpronta-6fa99/locations/us-central1/functions/app","buildConfig":{"runtime":"nodejs20","entryPoint":"app","source":{"storageSource":{"bucket":"gcf-v2-sources-602343403833-us-central1","object":"app/function-source.zip","generation":"1766241852896531"}},"environmentVariables":{"GOOGLE_NODE_RUN_SCRIPTS":""},"dockerRepository":"projects/mimpronta-6fa99/locations/us-central1/repositories/gcf-artifacts","sourceProvenance":{"resolvedStorageSource":{"bucket":"gcf-v2-sources-602343403833-us-central1","object":"app/function-source.zip","generation":"1765844383055103"}},"dockerRegistry":"ARTIFACT_REGISTRY","automaticUpdatePolicy":{}},"serviceConfig":{"service":"projects/mimpronta-6fa99/locations/us-central1/services/app","timeoutSeconds":60,"environmentVariables":{"PUERTO":"3001","MONGODB_ATLAS":"mongodb+srv://mimprontadesarrollo:mimprontablog151123@mimpronta.an5pekr.mongodb.net/?retryWrites=true&w=majority","SECRETORPRIVATEKEY":"hiopergq3v13hip","PASSWORDADMIN":"mimprontablog151123","FIREBAS_API_KEY":"AIzaSyDMgUoL8OZ5rAsne69F7vNbN5iON79f5cA","FIREBAS_DOMAIN":"mimpronta-6fa99.firebaseapp.com","FIREBAS_PROJECTID":"mimpronta-6fa99","FIREBAS_BUCKET":"mimpronta-6fa99.appspot.com","FIREBAS_MSGID":"602343403833","FIREBAS_APPID":"1:602343403833:web:3d49e31cb51b004f06f8e8","FIREBAS_MEASID":"G-09CT8WQPPH","FIREBASE_CONFIG":"{\"projectId\":\"mimpronta-6fa99\",\"storageBucket\":\"mimpronta-6fa99.appspot.com\",\"locationId\":\"southamerica-east1\"}","GCLOUD_PROJECT":"mimpronta-6fa99","EVENTARC_CLOUD_EVENT_SOURCE":"projects/mimpronta-6fa99/locations/us-central1/services/app","FUNCTION_TARGET":"app","LOG_EXECUTION_ID":"true"},"ingressSettings":"ALLOW_ALL","uri":"https://app-cfbvn6teoq-uc.a.run.app","serviceAccountEmail":"602343403833-compute@developer.gserviceaccount.com","availableMemory":"256Mi","allTrafficOnLatestRevision":true,"revision":"app-00001-cuh","maxInstanceRequestConcurrency":80,"availableCpu":"1"},"state":"ACTIVE","labels":{"deployment-tool":"cli-firebase","firebase-functions-hash":"e57d19cb87bff64313fdfc65cff68abf5f96d004"},"environment":"GEN_2","url":"https://us-central1-mimpronta-6fa99.cloudfunctions.net/app","satisfiesPzi":true},"stages":[{"name":"BUILD","message":"Build in progress","state":"IN_PROGRESS","resource":"projects/602343403833/locations/us-central1/builds/5e70fc0a-298d-4996-82fa-3702ae8de021","resourceUri":"https://console.cloud.google.com/cloud-build/builds;region=us-central1/5e70fc0a-298d-4996-82fa-3702ae8de021?project=602343403833"},{"name":"SERVICE","state":"NOT_STARTED"}],"operationType":"UPDATE_FUNCTION","buildName":"projects/602343403833/locations/us-central1/builds/5e70fc0a-298d-4996-82fa-3702ae8de021"},"done":false}
[debug] [2025-12-20T14:44:19.388Z] [update-default-us-central1-app] Retrying task index 0
[debug] [2025-12-20T14:44:19.389Z] Checked if tokens are valid: true, expires at: 1766245426048
[debug] [2025-12-20T14:44:19.389Z] Checked if tokens are valid: true, expires at: 1766245426048
[debug] [2025-12-20T14:44:19.389Z] >>> [apiv2][query] GET https://cloudfunctions.googleapis.com/v2/projects/mimpronta-6fa99/locations/us-central1/operations/operation-1766241851904-646633a2b938f-e8d1f49d-7e2aea7d [none]
[debug] [2025-12-20T14:44:20.413Z] <<< [apiv2][status] GET https://cloudfunctions.googleapis.com/v2/projects/mimpronta-6fa99/locations/us-central1/operations/operation-1766241851904-646633a2b938f-e8d1f49d-7e2aea7d 200
[debug] [2025-12-20T14:44:20.413Z] <<< [apiv2][body] GET https://cloudfunctions.googleapis.com/v2/projects/mimpronta-6fa99/locations/us-central1/operations/operation-1766241851904-646633a2b938f-e8d1f49d-7e2aea7d {"name":"projects/mimpronta-6fa99/locations/us-central1/operations/operation-1766241851904-646633a2b938f-e8d1f49d-7e2aea7d","metadata":{"@type":"type.googleapis.com/google.cloud.functions.v2.OperationMetadata","createTime":"2025-12-20T14:44:12.950013498Z","target":"projects/mimpronta-6fa99/locations/us-central1/functions/app","verb":"update","cancelRequested":false,"apiVersion":"v2","requestResource":{"@type":"type.googleapis.com/google.cloud.functions.v2.Function","name":"projects/mimpronta-6fa99/locations/us-central1/functions/app","buildConfig":{"runtime":"nodejs20","entryPoint":"app","source":{"storageSource":{"bucket":"gcf-v2-sources-602343403833-us-central1","object":"app/function-source.zip","generation":"1766241852896531"}},"environmentVariables":{"GOOGLE_NODE_RUN_SCRIPTS":""},"dockerRepository":"projects/mimpronta-6fa99/locations/us-central1/repositories/gcf-artifacts","sourceProvenance":{"resolvedStorageSource":{"bucket":"gcf-v2-sources-602343403833-us-central1","object":"app/function-source.zip","generation":"1765844383055103"}},"dockerRegistry":"ARTIFACT_REGISTRY","automaticUpdatePolicy":{}},"serviceConfig":{"service":"projects/mimpronta-6fa99/locations/us-central1/services/app","timeoutSeconds":60,"environmentVariables":{"PUERTO":"3001","MONGODB_ATLAS":"mongodb+srv://mimprontadesarrollo:mimprontablog151123@mimpronta.an5pekr.mongodb.net/?retryWrites=true&w=majority","SECRETORPRIVATEKEY":"hiopergq3v13hip","PASSWORDADMIN":"mimprontablog151123","FIREBAS_API_KEY":"AIzaSyDMgUoL8OZ5rAsne69F7vNbN5iON79f5cA","FIREBAS_DOMAIN":"mimpronta-6fa99.firebaseapp.com","FIREBAS_PROJECTID":"mimpronta-6fa99","FIREBAS_BUCKET":"mimpronta-6fa99.appspot.com","FIREBAS_MSGID":"602343403833","FIREBAS_APPID":"1:602343403833:web:3d49e31cb51b004f06f8e8","FIREBAS_MEASID":"G-09CT8WQPPH","FIREBASE_CONFIG":"{\"projectId\":\"mimpronta-6fa99\",\"storageBucket\":\"mimpronta-6fa99.appspot.com\",\"locationId\":\"southamerica-east1\"}","GCLOUD_PROJECT":"mimpronta-6fa99","EVENTARC_CLOUD_EVENT_SOURCE":"projects/mimpronta-6fa99/locations/us-central1/services/app","FUNCTION_TARGET":"app","LOG_EXECUTION_ID":"true"},"ingressSettings":"ALLOW_ALL","uri":"https://app-cfbvn6teoq-uc.a.run.app","serviceAccountEmail":"602343403833-compute@developer.gserviceaccount.com","availableMemory":"256Mi","allTrafficOnLatestRevision":true,"revision":"app-00001-cuh","maxInstanceRequestConcurrency":80,"availableCpu":"1"},"state":"ACTIVE","labels":{"deployment-tool":"cli-firebase","firebase-functions-hash":"e57d19cb87bff64313fdfc65cff68abf5f96d004"},"environment":"GEN_2","url":"https://us-central1-mimpronta-6fa99.cloudfunctions.net/app","satisfiesPzi":true},"stages":[{"name":"BUILD","message":"Build in progress","state":"IN_PROGRESS","resource":"projects/602343403833/locations/us-central1/builds/5e70fc0a-298d-4996-82fa-3702ae8de021","resourceUri":"https://console.cloud.google.com/cloud-build/builds;region=us-central1/5e70fc0a-298d-4996-82fa-3702ae8de021?project=602343403833"},{"name":"SERVICE","state":"NOT_STARTED"}],"operationType":"UPDATE_FUNCTION","buildName":"projects/602343403833/locations/us-central1/builds/5e70fc0a-298d-4996-82fa-3702ae8de021"},"done":false}
[debug] [2025-12-20T14:44:24.415Z] [update-default-us-central1-app] Retrying task index 0
[debug] [2025-12-20T14:44:24.416Z] Checked if tokens are valid: true, expires at: 1766245426048
[debug] [2025-12-20T14:44:24.416Z] Checked if tokens are valid: true, expires at: 1766245426048
[debug] [2025-12-20T14:44:24.416Z] >>> [apiv2][query] GET https://cloudfunctions.googleapis.com/v2/projects/mimpronta-6fa99/locations/us-central1/operations/operation-1766241851904-646633a2b938f-e8d1f49d-7e2aea7d [none]
[debug] [2025-12-20T14:44:25.333Z] <<< [apiv2][status] GET https://cloudfunctions.googleapis.com/v2/projects/mimpronta-6fa99/locations/us-central1/operations/operation-1766241851904-646633a2b938f-e8d1f49d-7e2aea7d 200
[debug] [2025-12-20T14:44:25.333Z] <<< [apiv2][body] GET https://cloudfunctions.googleapis.com/v2/projects/mimpronta-6fa99/locations/us-central1/operations/operation-1766241851904-646633a2b938f-e8d1f49d-7e2aea7d {"name":"projects/mimpronta-6fa99/locations/us-central1/operations/operation-1766241851904-646633a2b938f-e8d1f49d-7e2aea7d","metadata":{"@type":"type.googleapis.com/google.cloud.functions.v2.OperationMetadata","createTime":"2025-12-20T14:44:12.950013498Z","target":"projects/mimpronta-6fa99/locations/us-central1/functions/app","verb":"update","cancelRequested":false,"apiVersion":"v2","requestResource":{"@type":"type.googleapis.com/google.cloud.functions.v2.Function","name":"projects/mimpronta-6fa99/locations/us-central1/functions/app","buildConfig":{"runtime":"nodejs20","entryPoint":"app","source":{"storageSource":{"bucket":"gcf-v2-sources-602343403833-us-central1","object":"app/function-source.zip","generation":"1766241852896531"}},"environmentVariables":{"GOOGLE_NODE_RUN_SCRIPTS":""},"dockerRepository":"projects/mimpronta-6fa99/locations/us-central1/repositories/gcf-artifacts","sourceProvenance":{"resolvedStorageSource":{"bucket":"gcf-v2-sources-602343403833-us-central1","object":"app/function-source.zip","generation":"1765844383055103"}},"dockerRegistry":"ARTIFACT_REGISTRY","automaticUpdatePolicy":{}},"serviceConfig":{"service":"projects/mimpronta-6fa99/locations/us-central1/services/app","timeoutSeconds":60,"environmentVariables":{"PUERTO":"3001","MONGODB_ATLAS":"mongodb+srv://mimprontadesarrollo:mimprontablog151123@mimpronta.an5pekr.mongodb.net/?retryWrites=true&w=majority","SECRETORPRIVATEKEY":"hiopergq3v13hip","PASSWORDADMIN":"mimprontablog151123","FIREBAS_API_KEY":"AIzaSyDMgUoL8OZ5rAsne69F7vNbN5iON79f5cA","FIREBAS_DOMAIN":"mimpronta-6fa99.firebaseapp.com","FIREBAS_PROJECTID":"mimpronta-6fa99","FIREBAS_BUCKET":"mimpronta-6fa99.appspot.com","FIREBAS_MSGID":"602343403833","FIREBAS_APPID":"1:602343403833:web:3d49e31cb51b004f06f8e8","FIREBAS_MEASID":"G-09CT8WQPPH","FIREBASE_CONFIG":"{\"projectId\":\"mimpronta-6fa99\",\"storageBucket\":\"mimpronta-6fa99.appspot.com\",\"locationId\":\"southamerica-east1\"}","GCLOUD_PROJECT":"mimpronta-6fa99","EVENTARC_CLOUD_EVENT_SOURCE":"projects/mimpronta-6fa99/locations/us-central1/services/app","FUNCTION_TARGET":"app","LOG_EXECUTION_ID":"true"},"ingressSettings":"ALLOW_ALL","uri":"https://app-cfbvn6teoq-uc.a.run.app","serviceAccountEmail":"602343403833-compute@developer.gserviceaccount.com","availableMemory":"256Mi","allTrafficOnLatestRevision":true,"revision":"app-00001-cuh","maxInstanceRequestConcurrency":80,"availableCpu":"1"},"state":"ACTIVE","labels":{"deployment-tool":"cli-firebase","firebase-functions-hash":"e57d19cb87bff64313fdfc65cff68abf5f96d004"},"environment":"GEN_2","url":"https://us-central1-mimpronta-6fa99.cloudfunctions.net/app","satisfiesPzi":true},"stages":[{"name":"BUILD","message":"Build in progress","state":"IN_PROGRESS","resource":"projects/602343403833/locations/us-central1/builds/5e70fc0a-298d-4996-82fa-3702ae8de021","resourceUri":"https://console.cloud.google.com/cloud-build/builds;region=us-central1/5e70fc0a-298d-4996-82fa-3702ae8de021?project=602343403833"},{"name":"SERVICE","state":"NOT_STARTED"}],"operationType":"UPDATE_FUNCTION","buildName":"projects/602343403833/locations/us-central1/builds/5e70fc0a-298d-4996-82fa-3702ae8de021"},"done":false}
[debug] [2025-12-20T14:44:33.335Z] [update-default-us-central1-app] Retrying task index 0
[debug] [2025-12-20T14:44:33.335Z] Checked if tokens are valid: true, expires at: 1766245426048
[debug] [2025-12-20T14:44:33.335Z] Checked if tokens are valid: true, expires at: 1766245426048
[debug] [2025-12-20T14:44:33.335Z] >>> [apiv2][query] GET https://cloudfunctions.googleapis.com/v2/projects/mimpronta-6fa99/locations/us-central1/operations/operation-1766241851904-646633a2b938f-e8d1f49d-7e2aea7d [none]
[debug] [2025-12-20T14:44:34.373Z] <<< [apiv2][status] GET https://cloudfunctions.googleapis.com/v2/projects/mimpronta-6fa99/locations/us-central1/operations/operation-1766241851904-646633a2b938f-e8d1f49d-7e2aea7d 200
[debug] [2025-12-20T14:44:34.373Z] <<< [apiv2][body] GET https://cloudfunctions.googleapis.com/v2/projects/mimpronta-6fa99/locations/us-central1/operations/operation-1766241851904-646633a2b938f-e8d1f49d-7e2aea7d {"name":"projects/mimpronta-6fa99/locations/us-central1/operations/operation-1766241851904-646633a2b938f-e8d1f49d-7e2aea7d","metadata":{"@type":"type.googleapis.com/google.cloud.functions.v2.OperationMetadata","createTime":"2025-12-20T14:44:12.950013498Z","target":"projects/mimpronta-6fa99/locations/us-central1/functions/app","verb":"update","cancelRequested":false,"apiVersion":"v2","requestResource":{"@type":"type.googleapis.com/google.cloud.functions.v2.Function","name":"projects/mimpronta-6fa99/locations/us-central1/functions/app","buildConfig":{"runtime":"nodejs20","entryPoint":"app","source":{"storageSource":{"bucket":"gcf-v2-sources-602343403833-us-central1","object":"app/function-source.zip","generation":"1766241852896531"}},"environmentVariables":{"GOOGLE_NODE_RUN_SCRIPTS":""},"dockerRepository":"projects/mimpronta-6fa99/locations/us-central1/repositories/gcf-artifacts","sourceProvenance":{"resolvedStorageSource":{"bucket":"gcf-v2-sources-602343403833-us-central1","object":"app/function-source.zip","generation":"1765844383055103"}},"dockerRegistry":"ARTIFACT_REGISTRY","automaticUpdatePolicy":{}},"serviceConfig":{"service":"projects/mimpronta-6fa99/locations/us-central1/services/app","timeoutSeconds":60,"environmentVariables":{"PUERTO":"3001","MONGODB_ATLAS":"mongodb+srv://mimprontadesarrollo:mimprontablog151123@mimpronta.an5pekr.mongodb.net/?retryWrites=true&w=majority","SECRETORPRIVATEKEY":"hiopergq3v13hip","PASSWORDADMIN":"mimprontablog151123","FIREBAS_API_KEY":"AIzaSyDMgUoL8OZ5rAsne69F7vNbN5iON79f5cA","FIREBAS_DOMAIN":"mimpronta-6fa99.firebaseapp.com","FIREBAS_PROJECTID":"mimpronta-6fa99","FIREBAS_BUCKET":"mimpronta-6fa99.appspot.com","FIREBAS_MSGID":"602343403833","FIREBAS_APPID":"1:602343403833:web:3d49e31cb51b004f06f8e8","FIREBAS_MEASID":"G-09CT8WQPPH","FIREBASE_CONFIG":"{\"projectId\":\"mimpronta-6fa99\",\"storageBucket\":\"mimpronta-6fa99.appspot.com\",\"locationId\":\"southamerica-east1\"}","GCLOUD_PROJECT":"mimpronta-6fa99","EVENTARC_CLOUD_EVENT_SOURCE":"projects/mimpronta-6fa99/locations/us-central1/services/app","FUNCTION_TARGET":"app","LOG_EXECUTION_ID":"true"},"ingressSettings":"ALLOW_ALL","uri":"https://app-cfbvn6teoq-uc.a.run.app","serviceAccountEmail":"602343403833-compute@developer.gserviceaccount.com","availableMemory":"256Mi","allTrafficOnLatestRevision":true,"revision":"app-00001-cuh","maxInstanceRequestConcurrency":80,"availableCpu":"1"},"state":"ACTIVE","labels":{"deployment-tool":"cli-firebase","firebase-functions-hash":"e57d19cb87bff64313fdfc65cff68abf5f96d004"},"environment":"GEN_2","url":"https://us-central1-mimpronta-6fa99.cloudfunctions.net/app","satisfiesPzi":true},"stages":[{"name":"BUILD","message":"Build in progress","state":"IN_PROGRESS","resource":"projects/602343403833/locations/us-central1/builds/5e70fc0a-298d-4996-82fa-3702ae8de021","resourceUri":"https://console.cloud.google.com/cloud-build/builds;region=us-central1/5e70fc0a-298d-4996-82fa-3702ae8de021?project=602343403833"},{"name":"SERVICE","state":"NOT_STARTED"}],"operationType":"UPDATE_FUNCTION","buildName":"projects/602343403833/locations/us-central1/builds/5e70fc0a-298d-4996-82fa-3702ae8de021"},"done":false}
[debug] [2025-12-20T14:44:44.375Z] [update-default-us-central1-app] Retrying task index 0
[debug] [2025-12-20T14:44:44.375Z] Checked if tokens are valid: true, expires at: 1766245426048
[debug] [2025-12-20T14:44:44.375Z] Checked if tokens are valid: true, expires at: 1766245426048
[debug] [2025-12-20T14:44:44.375Z] >>> [apiv2][query] GET https://cloudfunctions.googleapis.com/v2/projects/mimpronta-6fa99/locations/us-central1/operations/operation-1766241851904-646633a2b938f-e8d1f49d-7e2aea7d [none]
[debug] [2025-12-20T14:44:45.563Z] <<< [apiv2][status] GET https://cloudfunctions.googleapis.com/v2/projects/mimpronta-6fa99/locations/us-central1/operations/operation-1766241851904-646633a2b938f-e8d1f49d-7e2aea7d 200
[debug] [2025-12-20T14:44:45.564Z] <<< [apiv2][body] GET https://cloudfunctions.googleapis.com/v2/projects/mimpronta-6fa99/locations/us-central1/operations/operation-1766241851904-646633a2b938f-e8d1f49d-7e2aea7d {"name":"projects/mimpronta-6fa99/locations/us-central1/operations/operation-1766241851904-646633a2b938f-e8d1f49d-7e2aea7d","metadata":{"@type":"type.googleapis.com/google.cloud.functions.v2.OperationMetadata","createTime":"2025-12-20T14:44:12.950013498Z","target":"projects/mimpronta-6fa99/locations/us-central1/functions/app","verb":"update","cancelRequested":false,"apiVersion":"v2","requestResource":{"@type":"type.googleapis.com/google.cloud.functions.v2.Function","name":"projects/mimpronta-6fa99/locations/us-central1/functions/app","buildConfig":{"runtime":"nodejs20","entryPoint":"app","source":{"storageSource":{"bucket":"gcf-v2-sources-602343403833-us-central1","object":"app/function-source.zip","generation":"1766241852896531"}},"environmentVariables":{"GOOGLE_NODE_RUN_SCRIPTS":""},"dockerRepository":"projects/mimpronta-6fa99/locations/us-central1/repositories/gcf-artifacts","sourceProvenance":{"resolvedStorageSource":{"bucket":"gcf-v2-sources-602343403833-us-central1","object":"app/function-source.zip","generation":"1765844383055103"}},"dockerRegistry":"ARTIFACT_REGISTRY","automaticUpdatePolicy":{}},"serviceConfig":{"service":"projects/mimpronta-6fa99/locations/us-central1/services/app","timeoutSeconds":60,"environmentVariables":{"PUERTO":"3001","MONGODB_ATLAS":"mongodb+srv://mimprontadesarrollo:mimprontablog151123@mimpronta.an5pekr.mongodb.net/?retryWrites=true&w=majority","SECRETORPRIVATEKEY":"hiopergq3v13hip","PASSWORDADMIN":"mimprontablog151123","FIREBAS_API_KEY":"AIzaSyDMgUoL8OZ5rAsne69F7vNbN5iON79f5cA","FIREBAS_DOMAIN":"mimpronta-6fa99.firebaseapp.com","FIREBAS_PROJECTID":"mimpronta-6fa99","FIREBAS_BUCKET":"mimpronta-6fa99.appspot.com","FIREBAS_MSGID":"602343403833","FIREBAS_APPID":"1:602343403833:web:3d49e31cb51b004f06f8e8","FIREBAS_MEASID":"G-09CT8WQPPH","FIREBASE_CONFIG":"{\"projectId\":\"mimpronta-6fa99\",\"storageBucket\":\"mimpronta-6fa99.appspot.com\",\"locationId\":\"southamerica-east1\"}","GCLOUD_PROJECT":"mimpronta-6fa99","EVENTARC_CLOUD_EVENT_SOURCE":"projects/mimpronta-6fa99/locations/us-central1/services/app","FUNCTION_TARGET":"app","LOG_EXECUTION_ID":"true"},"ingressSettings":"ALLOW_ALL","uri":"https://app-cfbvn6teoq-uc.a.run.app","serviceAccountEmail":"602343403833-compute@developer.gserviceaccount.com","availableMemory":"256Mi","allTrafficOnLatestRevision":true,"revision":"app-00001-cuh","maxInstanceRequestConcurrency":80,"availableCpu":"1"},"state":"ACTIVE","labels":{"deployment-tool":"cli-firebase","firebase-functions-hash":"e57d19cb87bff64313fdfc65cff68abf5f96d004"},"environment":"GEN_2","url":"https://us-central1-mimpronta-6fa99.cloudfunctions.net/app","satisfiesPzi":true},"stages":[{"name":"BUILD","message":"Build in progress","state":"IN_PROGRESS","resource":"projects/602343403833/locations/us-central1/builds/5e70fc0a-298d-4996-82fa-3702ae8de021","resourceUri":"https://console.cloud.google.com/cloud-build/builds;region=us-central1/5e70fc0a-298d-4996-82fa-3702ae8de021?project=602343403833"},{"name":"SERVICE","state":"NOT_STARTED"}],"operationType":"UPDATE_FUNCTION","buildName":"projects/602343403833/locations/us-central1/builds/5e70fc0a-298d-4996-82fa-3702ae8de021"},"done":false}
[debug] [2025-12-20T14:44:55.564Z] [update-default-us-central1-app] Retrying task index 0
[debug] [2025-12-20T14:44:55.565Z] Checked if tokens are valid: true, expires at: 1766245426048
[debug] [2025-12-20T14:44:55.565Z] Checked if tokens are valid: true, expires at: 1766245426048
[debug] [2025-12-20T14:44:55.565Z] >>> [apiv2][query] GET https://cloudfunctions.googleapis.com/v2/projects/mimpronta-6fa99/locations/us-central1/operations/operation-1766241851904-646633a2b938f-e8d1f49d-7e2aea7d [none]
[debug] [2025-12-20T14:44:56.560Z] <<< [apiv2][status] GET https://cloudfunctions.googleapis.com/v2/projects/mimpronta-6fa99/locations/us-central1/operations/operation-1766241851904-646633a2b938f-e8d1f49d-7e2aea7d 200
[debug] [2025-12-20T14:44:56.560Z] <<< [apiv2][body] GET https://cloudfunctions.googleapis.com/v2/projects/mimpronta-6fa99/locations/us-central1/operations/operation-1766241851904-646633a2b938f-e8d1f49d-7e2aea7d {"name":"projects/mimpronta-6fa99/locations/us-central1/operations/operation-1766241851904-646633a2b938f-e8d1f49d-7e2aea7d","metadata":{"@type":"type.googleapis.com/google.cloud.functions.v2.OperationMetadata","createTime":"2025-12-20T14:44:12.950013498Z","target":"projects/mimpronta-6fa99/locations/us-central1/functions/app","verb":"update","cancelRequested":false,"apiVersion":"v2","requestResource":{"@type":"type.googleapis.com/google.cloud.functions.v2.Function","name":"projects/mimpronta-6fa99/locations/us-central1/functions/app","buildConfig":{"runtime":"nodejs20","entryPoint":"app","source":{"storageSource":{"bucket":"gcf-v2-sources-602343403833-us-central1","object":"app/function-source.zip","generation":"1766241852896531"}},"environmentVariables":{"GOOGLE_NODE_RUN_SCRIPTS":""},"dockerRepository":"projects/mimpronta-6fa99/locations/us-central1/repositories/gcf-artifacts","sourceProvenance":{"resolvedStorageSource":{"bucket":"gcf-v2-sources-602343403833-us-central1","object":"app/function-source.zip","generation":"1765844383055103"}},"dockerRegistry":"ARTIFACT_REGISTRY","automaticUpdatePolicy":{}},"serviceConfig":{"service":"projects/mimpronta-6fa99/locations/us-central1/services/app","timeoutSeconds":60,"environmentVariables":{"PUERTO":"3001","MONGODB_ATLAS":"mongodb+srv://mimprontadesarrollo:mimprontablog151123@mimpronta.an5pekr.mongodb.net/?retryWrites=true&w=majority","SECRETORPRIVATEKEY":"hiopergq3v13hip","PASSWORDADMIN":"mimprontablog151123","FIREBAS_API_KEY":"AIzaSyDMgUoL8OZ5rAsne69F7vNbN5iON79f5cA","FIREBAS_DOMAIN":"mimpronta-6fa99.firebaseapp.com","FIREBAS_PROJECTID":"mimpronta-6fa99","FIREBAS_BUCKET":"mimpronta-6fa99.appspot.com","FIREBAS_MSGID":"602343403833","FIREBAS_APPID":"1:602343403833:web:3d49e31cb51b004f06f8e8","FIREBAS_MEASID":"G-09CT8WQPPH","FIREBASE_CONFIG":"{\"projectId\":\"mimpronta-6fa99\",\"storageBucket\":\"mimpronta-6fa99.appspot.com\",\"locationId\":\"southamerica-east1\"}","GCLOUD_PROJECT":"mimpronta-6fa99","EVENTARC_CLOUD_EVENT_SOURCE":"projects/mimpronta-6fa99/locations/us-central1/services/app","FUNCTION_TARGET":"app","LOG_EXECUTION_ID":"true"},"ingressSettings":"ALLOW_ALL","uri":"https://app-cfbvn6teoq-uc.a.run.app","serviceAccountEmail":"602343403833-compute@developer.gserviceaccount.com","availableMemory":"256Mi","allTrafficOnLatestRevision":true,"revision":"app-00001-cuh","maxInstanceRequestConcurrency":80,"availableCpu":"1"},"state":"ACTIVE","labels":{"deployment-tool":"cli-firebase","firebase-functions-hash":"e57d19cb87bff64313fdfc65cff68abf5f96d004"},"environment":"GEN_2","url":"https://us-central1-mimpronta-6fa99.cloudfunctions.net/app","satisfiesPzi":true},"stages":[{"name":"BUILD","message":"Build in progress","state":"IN_PROGRESS","resource":"projects/602343403833/locations/us-central1/builds/5e70fc0a-298d-4996-82fa-3702ae8de021","resourceUri":"https://console.cloud.google.com/cloud-build/builds;region=us-central1/5e70fc0a-298d-4996-82fa-3702ae8de021?project=602343403833"},{"name":"SERVICE","state":"NOT_STARTED"}],"operationType":"UPDATE_FUNCTION","buildName":"projects/602343403833/locations/us-central1/builds/5e70fc0a-298d-4996-82fa-3702ae8de021"},"done":false}
[debug] [2025-12-20T14:45:06.562Z] [update-default-us-central1-app] Retrying task index 0
[debug] [2025-12-20T14:45:06.562Z] Checked if tokens are valid: true, expires at: 1766245426048
[debug] [2025-12-20T14:45:06.562Z] Checked if tokens are valid: true, expires at: 1766245426048
[debug] [2025-12-20T14:45:06.563Z] >>> [apiv2][query] GET https://cloudfunctions.googleapis.com/v2/projects/mimpronta-6fa99/locations/us-central1/operations/operation-1766241851904-646633a2b938f-e8d1f49d-7e2aea7d [none]
[debug] [2025-12-20T14:45:07.706Z] <<< [apiv2][status] GET https://cloudfunctions.googleapis.com/v2/projects/mimpronta-6fa99/locations/us-central1/operations/operation-1766241851904-646633a2b938f-e8d1f49d-7e2aea7d 200
[debug] [2025-12-20T14:45:07.706Z] <<< [apiv2][body] GET https://cloudfunctions.googleapis.com/v2/projects/mimpronta-6fa99/locations/us-central1/operations/operation-1766241851904-646633a2b938f-e8d1f49d-7e2aea7d {"name":"projects/mimpronta-6fa99/locations/us-central1/operations/operation-1766241851904-646633a2b938f-e8d1f49d-7e2aea7d","metadata":{"@type":"type.googleapis.com/google.cloud.functions.v2.OperationMetadata","createTime":"2025-12-20T14:44:12.950013498Z","target":"projects/mimpronta-6fa99/locations/us-central1/functions/app","verb":"update","cancelRequested":false,"apiVersion":"v2","requestResource":{"@type":"type.googleapis.com/google.cloud.functions.v2.Function","name":"projects/mimpronta-6fa99/locations/us-central1/functions/app","buildConfig":{"runtime":"nodejs20","entryPoint":"app","source":{"storageSource":{"bucket":"gcf-v2-sources-602343403833-us-central1","object":"app/function-source.zip","generation":"1766241852896531"}},"environmentVariables":{"GOOGLE_NODE_RUN_SCRIPTS":""},"dockerRepository":"projects/mimpronta-6fa99/locations/us-central1/repositories/gcf-artifacts","sourceProvenance":{"resolvedStorageSource":{"bucket":"gcf-v2-sources-602343403833-us-central1","object":"app/function-source.zip","generation":"1765844383055103"}},"dockerRegistry":"ARTIFACT_REGISTRY","automaticUpdatePolicy":{}},"serviceConfig":{"service":"projects/mimpronta-6fa99/locations/us-central1/services/app","timeoutSeconds":60,"environmentVariables":{"PUERTO":"3001","MONGODB_ATLAS":"mongodb+srv://mimprontadesarrollo:mimprontablog151123@mimpronta.an5pekr.mongodb.net/?retryWrites=true&w=majority","SECRETORPRIVATEKEY":"hiopergq3v13hip","PASSWORDADMIN":"mimprontablog151123","FIREBAS_API_KEY":"AIzaSyDMgUoL8OZ5rAsne69F7vNbN5iON79f5cA","FIREBAS_DOMAIN":"mimpronta-6fa99.firebaseapp.com","FIREBAS_PROJECTID":"mimpronta-6fa99","FIREBAS_BUCKET":"mimpronta-6fa99.appspot.com","FIREBAS_MSGID":"602343403833","FIREBAS_APPID":"1:602343403833:web:3d49e31cb51b004f06f8e8","FIREBAS_MEASID":"G-09CT8WQPPH","FIREBASE_CONFIG":"{\"projectId\":\"mimpronta-6fa99\",\"storageBucket\":\"mimpronta-6fa99.appspot.com\",\"locationId\":\"southamerica-east1\"}","GCLOUD_PROJECT":"mimpronta-6fa99","EVENTARC_CLOUD_EVENT_SOURCE":"projects/mimpronta-6fa99/locations/us-central1/services/app","FUNCTION_TARGET":"app","LOG_EXECUTION_ID":"true"},"ingressSettings":"ALLOW_ALL","uri":"https://app-cfbvn6teoq-uc.a.run.app","serviceAccountEmail":"602343403833-compute@developer.gserviceaccount.com","availableMemory":"256Mi","allTrafficOnLatestRevision":true,"revision":"app-00001-cuh","maxInstanceRequestConcurrency":80,"availableCpu":"1"},"state":"ACTIVE","labels":{"deployment-tool":"cli-firebase","firebase-functions-hash":"e57d19cb87bff64313fdfc65cff68abf5f96d004"},"environment":"GEN_2","url":"https://us-central1-mimpronta-6fa99.cloudfunctions.net/app","satisfiesPzi":true},"stages":[{"name":"BUILD","message":"Build in progress","state":"IN_PROGRESS","resource":"projects/602343403833/locations/us-central1/builds/5e70fc0a-298d-4996-82fa-3702ae8de021","resourceUri":"https://console.cloud.google.com/cloud-build/builds;region=us-central1/5e70fc0a-298d-4996-82fa-3702ae8de021?project=602343403833"},{"name":"SERVICE","state":"NOT_STARTED"}],"operationType":"UPDATE_FUNCTION","buildName":"projects/602343403833/locations/us-central1/builds/5e70fc0a-298d-4996-82fa-3702ae8de021"},"done":false}
[debug] [2025-12-20T14:45:17.708Z] [update-default-us-central1-app] Retrying task index 0
[debug] [2025-12-20T14:45:17.709Z] Checked if tokens are valid: true, expires at: 1766245426048
[debug] [2025-12-20T14:45:17.709Z] Checked if tokens are valid: true, expires at: 1766245426048
[debug] [2025-12-20T14:45:17.709Z] >>> [apiv2][query] GET https://cloudfunctions.googleapis.com/v2/projects/mimpronta-6fa99/locations/us-central1/operations/operation-1766241851904-646633a2b938f-e8d1f49d-7e2aea7d [none]
[debug] [2025-12-20T14:46:34.977Z] <<< [apiv2][status] GET https://cloudfunctions.googleapis.com/v2/projects/mimpronta-6fa99/locations/us-central1/operations/operation-1766241851904-646633a2b938f-e8d1f49d-7e2aea7d 200
[debug] [2025-12-20T14:46:34.977Z] <<< [apiv2][body] GET https://cloudfunctions.googleapis.com/v2/projects/mimpronta-6fa99/locations/us-central1/operations/operation-1766241851904-646633a2b938f-e8d1f49d-7e2aea7d {"name":"projects/mimpronta-6fa99/locations/us-central1/operations/operation-1766241851904-646633a2b938f-e8d1f49d-7e2aea7d","metadata":{"@type":"type.googleapis.com/google.cloud.functions.v2.OperationMetadata","createTime":"2025-12-20T14:44:12.950013498Z","endTime":"2025-12-20T14:45:51.004474528Z","target":"projects/mimpronta-6fa99/locations/us-central1/functions/app","verb":"update","cancelRequested":false,"apiVersion":"v2","requestResource":{"@type":"type.googleapis.com/google.cloud.functions.v2.Function","name":"projects/mimpronta-6fa99/locations/us-central1/functions/app","buildConfig":{"runtime":"nodejs20","entryPoint":"app","source":{"storageSource":{"bucket":"gcf-v2-sources-602343403833-us-central1","object":"app/function-source.zip","generation":"1766241852896531"}},"environmentVariables":{"GOOGLE_NODE_RUN_SCRIPTS":""},"dockerRepository":"projects/mimpronta-6fa99/locations/us-central1/repositories/gcf-artifacts","sourceProvenance":{"resolvedStorageSource":{"bucket":"gcf-v2-sources-602343403833-us-central1","object":"app/function-source.zip","generation":"1765844383055103"}},"dockerRegistry":"ARTIFACT_REGISTRY","automaticUpdatePolicy":{}},"serviceConfig":{"service":"projects/mimpronta-6fa99/locations/us-central1/services/app","timeoutSeconds":60,"environmentVariables":{"PUERTO":"3001","MONGODB_ATLAS":"mongodb+srv://mimprontadesarrollo:mimprontablog151123@mimpronta.an5pekr.mongodb.net/?retryWrites=true&w=majority","SECRETORPRIVATEKEY":"hiopergq3v13hip","PASSWORDADMIN":"mimprontablog151123","FIREBAS_API_KEY":"AIzaSyDMgUoL8OZ5rAsne69F7vNbN5iON79f5cA","FIREBAS_DOMAIN":"mimpronta-6fa99.firebaseapp.com","FIREBAS_PROJECTID":"mimpronta-6fa99","FIREBAS_BUCKET":"mimpronta-6fa99.appspot.com","FIREBAS_MSGID":"602343403833","FIREBAS_APPID":"1:602343403833:web:3d49e31cb51b004f06f8e8","FIREBAS_MEASID":"G-09CT8WQPPH","FIREBASE_CONFIG":"{\"projectId\":\"mimpronta-6fa99\",\"storageBucket\":\"mimpronta-6fa99.appspot.com\",\"locationId\":\"southamerica-east1\"}","GCLOUD_PROJECT":"mimpronta-6fa99","EVENTARC_CLOUD_EVENT_SOURCE":"projects/mimpronta-6fa99/locations/us-central1/services/app","FUNCTION_TARGET":"app","LOG_EXECUTION_ID":"true"},"ingressSettings":"ALLOW_ALL","uri":"https://app-cfbvn6teoq-uc.a.run.app","serviceAccountEmail":"602343403833-compute@developer.gserviceaccount.com","availableMemory":"256Mi","allTrafficOnLatestRevision":true,"revision":"app-00001-cuh","maxInstanceRequestConcurrency":80,"availableCpu":"1"},"state":"ACTIVE","labels":{"deployment-tool":"cli-firebase","firebase-functions-hash":"e57d19cb87bff64313fdfc65cff68abf5f96d004"},"environment":"GEN_2","url":"https://us-central1-mimpronta-6fa99.cloudfunctions.net/app","satisfiesPzi":true},"stages":[{"name":"BUILD","message":"Build finished","state":"COMPLETE","resource":"projects/602343403833/locations/us-central1/builds/5e70fc0a-298d-4996-82fa-3702ae8de021","resourceUri":"https://console.cloud.google.com/cloud-build/builds;region=us-central1/5e70fc0a-298d-4996-82fa-3702ae8de021?project=602343403833"},{"name":"SERVICE","message":"Updating Cloud Run service","state":"COMPLETE","resource":"projects/mimpronta-6fa99/locations/us-central1/services/app","resourceUri":"https://console.cloud.google.com/run/detail/us-central1/app?project=mimpronta-6fa99","stateMessages":[{"severity":"INFO","type":"CloudRunServiceNewRevisionTrafficInfo","message":"A new revision will be deployed serving with 100% traffic."}]}],"sourceToken":"Cldwcm9qZWN0cy82MDIzNDM0MDM4MzMvbG9jYXRpb25zL3VzLWNlbnRyYWwxL2J1aWxkcy81ZTcwZmMwYS0yOThkLTQ5OTYtODJmYS0zNzAyYWU4ZGUwMjESZnVzLWNlbnRyYWwxLWRvY2tlci5wa2cuZGV2L21pbXByb250YS02ZmE5OS9nY2YtYXJ0aWZhY3RzL21pbXByb250YS0tNmZhOTlfX3VzLS1jZW50cmFsMV9fYXBwOnZlcnNpb25fMRi54tvzwxEiPHByb2plY3RzL21pbXByb250YS02ZmE5OS9sb2NhdGlvbnMvdXMtY2VudHJhbDEvZnVuY3Rpb25zL2FwcCoMCIvtmsoGEJjHm4cBMghub2RlanMyMDp2CiNnY3IuaW8vZ2FlLXJ1bnRpbWVzL25vZGVqczIwOnN0YWJsZRJPdXMtY2VudHJhbDEtZG9ja2VyLnBrZy5kZXYvc2VydmVybGVzcy1ydW50aW1lcy9nb29nbGUtMjItZnVsbC9ydW50aW1lcy9ub2RlanMyMEAB","operationType":"UPDATE_FUNCTION","buildName":"projects/602343403833/locations/us-central1/builds/5e70fc0a-298d-4996-82fa-3702ae8de021"},"done":true,"response":{"@type":"type.googleapis.com/google.cloud.functions.v2.Function","name":"projects/mimpronta-6fa99/locations/us-central1/functions/app","buildConfig":{"build":"projects/602343403833/locations/us-central1/builds/5e70fc0a-298d-4996-82fa-3702ae8de021","runtime":"nodejs20","entryPoint":"app","source":{"storageSource":{"bucket":"gcf-v2-sources-602343403833-us-central1","object":"app/function-source.zip","generation":"1766241852896531"}},"environmentVariables":{"GOOGLE_NODE_RUN_SCRIPTS":""},"dockerRepository":"projects/mimpronta-6fa99/locations/us-central1/repositories/gcf-artifacts","sourceProvenance":{"resolvedStorageSource":{"bucket":"gcf-v2-sources-602343403833-us-central1","object":"app/function-source.zip","generation":"1766241852896531"}},"dockerRegistry":"ARTIFACT_REGISTRY","automaticUpdatePolicy":{}},"serviceConfig":{"service":"projects/mimpronta-6fa99/locations/us-central1/services/app","timeoutSeconds":60,"environmentVariables":{"PUERTO":"3001","MONGODB_ATLAS":"mongodb+srv://mimprontadesarrollo:mimprontablog151123@mimpronta.an5pekr.mongodb.net/?retryWrites=true&w=majority","SECRETORPRIVATEKEY":"hiopergq3v13hip","PASSWORDADMIN":"mimprontablog151123","FIREBAS_API_KEY":"AIzaSyDMgUoL8OZ5rAsne69F7vNbN5iON79f5cA","FIREBAS_DOMAIN":"mimpronta-6fa99.firebaseapp.com","FIREBAS_PROJECTID":"mimpronta-6fa99","FIREBAS_BUCKET":"mimpronta-6fa99.appspot.com","FIREBAS_MSGID":"602343403833","FIREBAS_APPID":"1:602343403833:web:3d49e31cb51b004f06f8e8","FIREBAS_MEASID":"G-09CT8WQPPH","FIREBASE_CONFIG":"{\"projectId\":\"mimpronta-6fa99\",\"storageBucket\":\"mimpronta-6fa99.appspot.com\",\"locationId\":\"southamerica-east1\"}","GCLOUD_PROJECT":"mimpronta-6fa99","EVENTARC_CLOUD_EVENT_SOURCE":"projects/mimpronta-6fa99/locations/us-central1/services/app","FUNCTION_TARGET":"app","LOG_EXECUTION_ID":"true"},"maxInstanceCount":20,"ingressSettings":"ALLOW_ALL","uri":"https://app-cfbvn6teoq-uc.a.run.app","serviceAccountEmail":"602343403833-compute@developer.gserviceaccount.com","availableMemory":"256Mi","allTrafficOnLatestRevision":true,"revision":"app-00002-dap","maxInstanceRequestConcurrency":80,"availableCpu":"1"},"state":"ACTIVE","updateTime":"2025-12-20T14:44:12.952552133Z","labels":{"deployment-tool":"cli-firebase","firebase-functions-hash":"e57d19cb87bff64313fdfc65cff68abf5f96d004"},"environment":"GEN_2","url":"https://us-central1-mimpronta-6fa99.cloudfunctions.net/app","createTime":"2025-12-16T00:19:43.291540927Z","satisfiesPzi":true}}
[debug] [2025-12-20T14:46:34.978Z] Got source token Cldwcm9qZWN0cy82MDIzNDM0MDM4MzMvbG9jYXRpb25zL3VzLWNlbnRyYWwxL2J1aWxkcy81ZTcwZmMwYS0yOThkLTQ5OTYtODJmYS0zNzAyYWU4ZGUwMjESZnVzLWNlbnRyYWwxLWRvY2tlci5wa2cuZGV2L21pbXByb250YS02ZmE5OS9nY2YtYXJ0aWZhY3RzL21pbXByb250YS0tNmZhOTlfX3VzLS1jZW50cmFsMV9fYXBwOnZlcnNpb25fMRi54tvzwxEiPHByb2plY3RzL21pbXByb250YS02ZmE5OS9sb2NhdGlvbnMvdXMtY2VudHJhbDEvZnVuY3Rpb25zL2FwcCoMCIvtmsoGEJjHm4cBMghub2RlanMyMDp2CiNnY3IuaW8vZ2FlLXJ1bnRpbWVzL25vZGVqczIwOnN0YWJsZRJPdXMtY2VudHJhbDEtZG9ja2VyLnBrZy5kZXYvc2VydmVybGVzcy1ydW50aW1lcy9nb29nbGUtMjItZnVsbC9ydW50aW1lcy9ub2RlanMyMEAB for region us-central1
[info] ✔  functions[app(us-central1)] Successful update operation. 
[debug] [2025-12-20T14:46:34.983Z] Total Function Deployment time: 144032
[debug] [2025-12-20T14:46:34.983Z] 1 Functions Deployed
[debug] [2025-12-20T14:46:34.983Z] 0 Functions Errored
[debug] [2025-12-20T14:46:34.983Z] 0 Function Deployments Aborted
[debug] [2025-12-20T14:46:34.983Z] Average Function Deployment time: 144032
[info] Function URL (app(us-central1)): https://app-cfbvn6teoq-uc.a.run.app
[debug] [2025-12-20T14:46:45.863Z] Checked if tokens are valid: true, expires at: 1766245426048
[debug] [2025-12-20T14:46:45.863Z] Checked if tokens are valid: true, expires at: 1766245426048
[debug] [2025-12-20T14:46:45.863Z] >>> [apiv2][query] GET https://artifactregistry.googleapis.com/v1/projects/mimpronta-6fa99/locations/us-central1/repositories/gcf-artifacts [none]
[debug] [2025-12-20T14:46:50.561Z] <<< [apiv2][status] GET https://artifactregistry.googleapis.com/v1/projects/mimpronta-6fa99/locations/us-central1/repositories/gcf-artifacts 200
[debug] [2025-12-20T14:46:50.561Z] <<< [apiv2][body] GET https://artifactregistry.googleapis.com/v1/projects/mimpronta-6fa99/locations/us-central1/repositories/gcf-artifacts {"name":"projects/mimpronta-6fa99/locations/us-central1/repositories/gcf-artifacts","format":"DOCKER","description":"This repository is created and used by Cloud Functions for storing function docker images.","labels":{"goog-managed-by":"cloudfunctions"},"createTime":"2023-12-06T02:34:18.711796Z","updateTime":"2025-12-20T14:45:25.740613Z","mode":"STANDARD_REPOSITORY","cleanupPolicies":{"firebase-functions-cleanup":{"id":"firebase-functions-cleanup","action":"DELETE","condition":{"tagState":"ANY","olderThan":"86400s"}}},"sizeBytes":"162314972","vulnerabilityScanningConfig":{"lastEnableTime":"2023-12-06T02:34:18.124728466Z","enablementState":"SCANNING_DISABLED","enablementStateReason":"API containerscanning.googleapis.com is not enabled."},"satisfiesPzi":true,"registryUri":"us-central1-docker.pkg.dev/mimpronta-6fa99/gcf-artifacts"}
[info] 
[info] ✔  Deploy complete! 
[info] 
[info] Project Console: https://console.firebase.google.com/project/mimpronta-6fa99/overview
[debug] [2025-12-20T14:47:00.698Z] Error: Timed out.
    at Timeout._onTimeout (/usr/local/lib/node_modules/firebase-tools/lib/utils.js:272:49)
    at listOnTimeout (node:internal/timers:588:17)
    at process.processTimers (node:internal/timers:523:7)
[error] 
[error] Error: An unexpected error has occurred.
