// Jest Snapshot v1, https://goo.gl/fbAQLP

exports[`About Us renders unchanged 1`] = `
<div>
  <section
    class="mt-[10dvh] lg:mt-[25dvh] w-[80dvw] lg:w-[60dvw] flex flex-col items-center gap-4"
  >
    <h5
      class="title-size text-center xsm:mb-4"
      role="heading"
    >
      ¿Quiénes somos?
    </h5>
    <p
      class="paragraph-size text-center md:w-3/4"
      role="definition"
    >
      Somos una consultora especializada en transformar ideas e intenciones en acciones concretas que generen un impacto social positivo.
    </p>
    <p
      class="paragraph-size text-center md:w-4/5"
      role="definition"
    >
      Combinamos una impronta de negocios, con una impronta social para lograr una entrega de valor combinado, facilitando herramientas prácticas de Innovación, Marketing, Responsabilidad Social Corporativa (RSC) y Sostenibilidad.
    </p>
    <button
      class="btn-primary mt-4 lg:mt-8"
      role="button"
    >
      Nuestro Propósito
    </button>
  </section>
</div>
`;
